r"""Usage:
  prog [-a] command
  prog [-a]

"""
$ prog
{"-a": false, "command": false}

$ prog -b
"user-error"

$ prog -a
{"-a": true, "command": false}

$ prog -a command
{"-a": true, "command": true}

$ prog command
{"-a": false, "command": true}


r"""Usage:
  prog [-o OPT]

Options: -o OPT  Option [default: \$var]
"""
$ prog
{"-o": "$var"}


r"""Usage:
  prog [-o OPT]

Options: -o OPT  Option [default: \"]
"""
$ prog
{"-o": "\""}


#
# Optional order
#

r"""Usage: prog [a b c]
"""
$ prog a b c
{"a": true, "b": true, "c": true}

$ prog b a c
"user-error"

#
# value=false bug
#

r"""Usage: prog --long=ARG
"""
$ prog --long=false
{"--long": "false"}

r"""Usage: prog --s=ARG
"""
$ prog --s=false
{"--s": "false"}


###

r"""Usage: prog [-ab --long]
"""
$ prog -ab --long
{"-a": true, "-b": true, "--long": true}
